Failed to send telemetry event ClientStartEvent: capture() takes 1 positional argument but 3 were given
Failed to send telemetry event ClientCreateCollectionEvent: capture() takes 1 positional argument but 3 were given
Failed to send telemetry event CollectionAddEvent: capture() takes 1 positional argument but 3 were given
Failed to send telemetry event ClientStartEvent: capture() takes 1 positional argument but 3 were given
Failed to send telemetry event ClientCreateCollectionEvent: capture() takes 1 positional argument but 3 were given
Failed to send telemetry event ClientStartEvent: capture() takes 1 positional argument but 3 were given
Failed to send telemetry event ClientCreateCollectionEvent: capture() takes 1 positional argument but 3 were given
Failed to send telemetry event ClientStartEvent: capture() takes 1 positional argument but 3 were given
Failed to send telemetry event ClientCreateCollectionEvent: capture() takes 1 positional argument but 3 were given
Failed to send telemetry event ClientStartEvent: capture() takes 1 positional argument but 3 were given
Failed to send telemetry event ClientCreateCollectionEvent: capture() takes 1 positional argument but 3 were given
Failed to send telemetry event ClientStartEvent: capture() takes 1 positional argument but 3 were given
Failed to send telemetry event ClientCreateCollectionEvent: capture() takes 1 positional argument but 3 were given
Failed to send telemetry event CollectionAddEvent: capture() takes 1 positional argument but 3 were given
Failed to send telemetry event ClientStartEvent: capture() takes 1 positional argument but 3 were given
Failed to send telemetry event ClientCreateCollectionEvent: capture() takes 1 positional argument but 3 were given
Failed to send telemetry event CollectionAddEvent: capture() takes 1 positional argument but 3 were given
Failed to send telemetry event ClientStartEvent: capture() takes 1 positional argument but 3 were given
Failed to send telemetry event ClientCreateCollectionEvent: capture() takes 1 positional argument but 3 were given
Failed to send telemetry event CollectionAddEvent: capture() takes 1 positional argument but 3 were given
Failed to send telemetry event ClientStartEvent: capture() takes 1 positional argument but 3 were given
Failed to send telemetry event ClientCreateCollectionEvent: capture() takes 1 positional argument but 3 were given
Failed to send telemetry event ClientStartEvent: capture() takes 1 positional argument but 3 were given
Failed to send telemetry event ClientCreateCollectionEvent: capture() takes 1 positional argument but 3 were given
Failed to send telemetry event ClientStartEvent: capture() takes 1 positional argument but 3 were given
Failed to send telemetry event ClientCreateCollectionEvent: capture() takes 1 positional argument but 3 were given
Failed to send telemetry event ClientStartEvent: capture() takes 1 positional argument but 3 were given
Failed to send telemetry event ClientCreateCollectionEvent: capture() takes 1 positional argument but 3 were given
Failed to send telemetry event ClientStartEvent: capture() takes 1 positional argument but 3 were given
Failed to send telemetry event ClientCreateCollectionEvent: capture() takes 1 positional argument but 3 were given
Failed to send telemetry event ClientStartEvent: capture() takes 1 positional argument but 3 were given
Failed to send telemetry event ClientCreateCollectionEvent: capture() takes 1 positional argument but 3 were given
Failed to send telemetry event ClientStartEvent: capture() takes 1 positional argument but 3 were given
Failed to send telemetry event ClientCreateCollectionEvent: capture() takes 1 positional argument but 3 were given
Failed to send telemetry event ClientStartEvent: capture() takes 1 positional argument but 3 were given
Failed to send telemetry event ClientCreateCollectionEvent: capture() takes 1 positional argument but 3 were given
Failed to send telemetry event ClientStartEvent: capture() takes 1 positional argument but 3 were given
Failed to send telemetry event ClientCreateCollectionEvent: capture() takes 1 positional argument but 3 were given
Failed to send telemetry event ClientStartEvent: capture() takes 1 positional argument but 3 were given
Failed to send telemetry event ClientCreateCollectionEvent: capture() takes 1 positional argument but 3 were given
Failed to send telemetry event ClientStartEvent: capture() takes 1 positional argument but 3 were given
Failed to send telemetry event ClientCreateCollectionEvent: capture() takes 1 positional argument but 3 were given
Failed to send telemetry event ClientStartEvent: capture() takes 1 positional argument but 3 were given
Failed to send telemetry event ClientCreateCollectionEvent: capture() takes 1 positional argument but 3 were given
Failed to send telemetry event ClientStartEvent: capture() takes 1 positional argument but 3 were given
Failed to send telemetry event ClientCreateCollectionEvent: capture() takes 1 positional argument but 3 were given
Failed to send telemetry event ClientStartEvent: capture() takes 1 positional argument but 3 were given
Failed to send telemetry event ClientCreateCollectionEvent: capture() takes 1 positional argument but 3 were given
Failed to send telemetry event ClientStartEvent: capture() takes 1 positional argument but 3 were given
Failed to send telemetry event ClientCreateCollectionEvent: capture() takes 1 positional argument but 3 were given
Failed to send telemetry event ClientStartEvent: capture() takes 1 positional argument but 3 were given
Failed to send telemetry event ClientCreateCollectionEvent: capture() takes 1 positional argument but 3 were given
Failed to send telemetry event ClientStartEvent: capture() takes 1 positional argument but 3 were given
Failed to send telemetry event ClientCreateCollectionEvent: capture() takes 1 positional argument but 3 were given
Failed to send telemetry event ClientStartEvent: capture() takes 1 positional argument but 3 were given
Failed to send telemetry event ClientCreateCollectionEvent: capture() takes 1 positional argument but 3 were given
Failed to send telemetry event ClientStartEvent: capture() takes 1 positional argument but 3 were given
Failed to send telemetry event ClientCreateCollectionEvent: capture() takes 1 positional argument but 3 were given
Failed to send telemetry event ClientStartEvent: capture() takes 1 positional argument but 3 were given
Failed to send telemetry event ClientCreateCollectionEvent: capture() takes 1 positional argument but 3 were given
Failed to send telemetry event ClientStartEvent: capture() takes 1 positional argument but 3 were given
Failed to send telemetry event ClientCreateCollectionEvent: capture() takes 1 positional argument but 3 were given
Failed to send telemetry event ClientStartEvent: capture() takes 1 positional argument but 3 were given
Failed to send telemetry event ClientCreateCollectionEvent: capture() takes 1 positional argument but 3 were given
Failed to send telemetry event ClientStartEvent: capture() takes 1 positional argument but 3 were given
Failed to send telemetry event ClientCreateCollectionEvent: capture() takes 1 positional argument but 3 were given
Failed to send telemetry event ClientStartEvent: capture() takes 1 positional argument but 3 were given
Failed to send telemetry event ClientCreateCollectionEvent: capture() takes 1 positional argument but 3 were given
Failed to send telemetry event ClientStartEvent: capture() takes 1 positional argument but 3 were given
Failed to send telemetry event ClientCreateCollectionEvent: capture() takes 1 positional argument but 3 were given
Failed to send telemetry event ClientStartEvent: capture() takes 1 positional argument but 3 were given
Failed to send telemetry event ClientCreateCollectionEvent: capture() takes 1 positional argument but 3 were given
Failed to send telemetry event ClientStartEvent: capture() takes 1 positional argument but 3 were given
Failed to send telemetry event ClientCreateCollectionEvent: capture() takes 1 positional argument but 3 were given
── Wiping existing indexes ──
  wiped D:\Web app\maxcoder_v2\rag\indexes\language_docs
  wiped D:\Web app\maxcoder_v2\rag\indexes\codebase
  wiped D:\Web app\maxcoder_v2\rag\indexes\error_solutions
  wiped D:\Web app\maxcoder_v2\rag\indexes\snippets

── MaxCoder source code → index: codebase ──
  +64 chunks  (total: 64)
  +64 chunks  (total: 128)
  +64 chunks  (total: 192)
  +64 chunks  (total: 256)
  +44 chunks  (total: 300)
  [OK] MaxCoder source code: 300 chunks indexed

── Curated patterns & idioms → index: snippets ──
  +34 chunks  (total: 34)
  [OK] Curated patterns & idioms: 34 chunks indexed

── Error → solution patterns → index: error_solutions ──
  +15 chunks  (total: 15)
  [OK] Error → solution patterns: 15 chunks indexed

── FastAPI docs → index: language_docs ──
  fetching 29 files from fastapi/fastapi@master
  +64 chunks  (total: 64)
  +64 chunks  (total: 128)
  +64 chunks  (total: 192)
  +64 chunks  (total: 256)
  +44 chunks  (total: 300)
  [OK] FastAPI docs: 300 chunks indexed

── Pydantic docs → index: language_docs ──
  fetching 13 files from pydantic/pydantic@main
  +64 chunks  (total: 64)
  +64 chunks  (total: 128)
  +64 chunks  (total: 192)
  +64 chunks  (total: 256)
  +44 chunks  (total: 300)
  [OK] Pydantic docs: 300 chunks indexed

── React Learn → index: language_docs ──
  fetching 32 files from reactjs/react.dev@main
  +64 chunks  (total: 64)
  +64 chunks  (total: 128)
  +64 chunks  (total: 192)
  +64 chunks  (total: 256)
  +44 chunks  (total: 300)
  [OK] React Learn: 300 chunks indexed

── React Reference → index: language_docs ──
  fetching 17 files from reactjs/react.dev@main
  +64 chunks  (total: 64)
  +64 chunks  (total: 128)
  +64 chunks  (total: 192)
  +64 chunks  (total: 256)
  +44 chunks  (total: 300)
  [OK] React Reference: 300 chunks indexed

── TypeScript handbook → index: language_docs ──
  fetching 14 files from microsoft/TypeScript-Website@v2
  +64 chunks  (total: 64)
  +64 chunks  (total: 128)
  +64 chunks  (total: 192)
  fetched 14/14 files
  +56 chunks  (total: 248)
  [OK] TypeScript handbook: 248 chunks indexed

── Rust book → index: language_docs ──
  fetching 22 files from rust-lang/book@main
  +64 chunks  (total: 64)
  +64 chunks  (total: 128)
  +64 chunks  (total: 192)
  fetched 21/22 files
  +5 chunks  (total: 197)
  [OK] Rust book: 197 chunks indexed

── Go effective Go → index: language_docs ──
  fetching 7 files from golang/go.dev@master
  fetched 0/7 files
  [OK] Go effective Go: 0 chunks indexed

============================================================
  TOTAL: 1,994 chunks indexed across 10 sources
  TIME:  192.6s
  INDEX: D:\Web app\maxcoder_v2\rag\indexes
============================================================
